<html>
<body>
<pre>
<h1>µVision Build Log</h1>
<h2>Tool Versions:</h2>
IDE-Version: µVision V5.37.0.0
Copyright (C) 2022 ARM Ltd and ARM Germany GmbH. All rights reserved.
License Information: Ivan Chenchik, --, LIC=BUURY-I49JQ-LQN0Q-NADNP-XPR1C-GJZJX
 
Tool Versions:
Toolchain:       MDK-ARM Plus  Version: 5.37.0.0
Toolchain Path:  C:\Programs\Keil_v5\ARM\ARMCLANG\Bin
C Compiler:      ArmClang.exe V6.18
Assembler:       Armasm.exe V6.18
Linker/Locator:  ArmLink.exe V6.18
Library Manager: ArmAr.exe V6.18
Hex Converter:   FromElf.exe V6.18
CPU DLL:         SARMCM3.DLL V5.37.0.0
Dialog DLL:      DCM.DLL V1.17.5.0
Target DLL:      UL2CM3.DLL V1.164.7.0
Dialog DLL:      TCM.DLL V1.56.1.0
 
<h2>Project:</h2>
C:\Users\user1\Downloads\programming\Keil\AssemblerPractice\AssemblerPractice.uvprojx
Project File Date:  04/06/2023

<h2>Output:</h2>
*** Using Compiler 'V6.18', folder: 'C:\Programs\Keil_v5\ARM\ARMCLANG\Bin'
Rebuild target 'Target 1'
assembling 1SimpleOperations.s...
assembling 2_32bitConst.s...
assembling Main.s...
assembling NMI.s...
assembling 3ForcedReservationLTORG.s...
assembling 4ReservationDirective.s...
assembling StartUp1.s...
assembling 5IndirectAddressing.s...
assembling 6CopyRom-RamWithLoop.s...
assembling 8AddAndSubDWordMACRO.s...
assembling 7OperationsAddAndSub.s...
assembling MyMacro1.s...
assembling 9ArithmeticOpWithLDM-STM.s...
assembling MULT32US.s...
assembling 10BitwiseOpAndShifts.s...
assembling 11LogicController.s...
assembling MacroBit.s...
assembling MacroTestBit.s...
assembling 12LogicContrTestBits.s...
assembling 13DiscreteContrMachine.s...
assembling 14BitAddressableRegistersV1.s...
assembling 14BitAddressableRegistersV2.s...
assembling 13DiscreteContrMachineV2.s...
assembling 15StackTesting.s...
assembling 16CopyArraySort.s...
linking...
Program Size: Code=7136 RO-data=12 RW-data=712 ZI-data=1024  
".\Objects\AssemblerPractice.axf" - 0 Error(s), 0 Warning(s).

<h2>Software Packages used:</h2>

Package Vendor: ARM
                http://www.keil.com/pack/ARM.CMSIS.5.9.0.pack
                ARM.CMSIS.5.9.0
                CMSIS (Common Microcontroller Software Interface Standard)

<h2>Collection of Component include folders:</h2>
  C:/Users/user1/AppData/Local/Arm/Packs/ARM/CMSIS/5.9.0/Device/ARM/ARMCM4/Include

<h2>Collection of Component Files used:</h2>
Build Time Elapsed:  00:00:01
</pre>
</body>
</html>
