<!doctype html public "-//w3c//dtd html 4.0 transitional//en">
<html><head>
<title>Static Call Graph - [.\Objects\AssemblerPractice.axf]</title></head>
<body><HR>
<H1>Static Call Graph for image .\Objects\AssemblerPractice.axf</H1><HR>
<BR><P>#&#060CALLGRAPH&#062# ARM Linker, 6180002: Last Updated: Mon Mar  6 18:23:53 2023
<BR><P>
<H3>Maximum Stack Usage =          0 bytes + Unknown(Functions without stacksize, Untraceable Function Pointers)</H3><H3>
Call chain for Maximum Stack Depth:</H3>

<P>
<H3>
Functions with no stack information
</H3><UL>
 <LI><a href="#[2]">Main</a>
 <LI><a href="#[8]">SimpleOperations</a>
 <LI><a href="#[5]">_32bitConst</a>
 <LI><a href="#[a]">ForcedReservationLTORG</a>
 <LI><a href="#[9]">ReservationDirective</a>
 <LI><a href="#[6]">IndirectAddressing</a>
 <LI><a href="#[7]">CopyRomRamWithLoop</a>
 <LI><a href="#[3]">OperationsAddAndSub</a>
 <LI><a href="#[4]">Next</a>
</UL>
</UL>
<P>
<H3>
Function Pointers
</H3><UL>
 <LI><a href="#[2]">Main</a> from main.o(MyCode) referenced from startup1.o(.text)
 <LI><a href="#[1]">NMI_Handler</a> from nmi.o(.text) referenced from startup1.o(RESET)
 <LI><a href="#[4]">Next</a> from 3forcedreservationltorg.o(MyCode) referenced from 3forcedreservationltorg.o(MyCode)
 <LI><a href="#[3]">OperationsAddAndSub</a> from 7operationsaddandsub.o(MyCode7) referenced from main.o(MyCode)
 <LI><a href="#[0]">Reset_Handler</a> from startup1.o(.text) referenced from startup1.o(RESET)
</UL>
<P>
<H3>
Global Symbols
</H3>
<P><STRONG><a name="[0]"></a>Reset_Handler</STRONG> (Thumb, 4 bytes, Stack size 0 bytes, startup1.o(.text))
<BR>[Address Reference Count : 1]<UL><LI> startup1.o(RESET)
</UL>
<P><STRONG><a name="[1]"></a>NMI_Handler</STRONG> (Thumb, 6 bytes, Stack size 0 bytes, nmi.o(.text))
<BR>[Address Reference Count : 1]<UL><LI> startup1.o(RESET)
</UL>
<P><STRONG><a name="[2]"></a>Main</STRONG> (Thumb, 0 bytes, Stack size unknown bytes, main.o(MyCode))
<BR>[Address Reference Count : 1]<UL><LI> startup1.o(.text)
</UL>
<P><STRONG><a name="[8]"></a>SimpleOperations</STRONG> (Thumb, 0 bytes, Stack size unknown bytes, 1simpleoperations.o(MyCode))

<P><STRONG><a name="[5]"></a>_32bitConst</STRONG> (Thumb, 0 bytes, Stack size unknown bytes, 2_32bitconst.o(MyCode))

<P><STRONG><a name="[a]"></a>ForcedReservationLTORG</STRONG> (Thumb, 0 bytes, Stack size unknown bytes, 3forcedreservationltorg.o(MyCode), UNUSED)

<P><STRONG><a name="[9]"></a>ReservationDirective</STRONG> (Thumb, 0 bytes, Stack size unknown bytes, 4reservationdirective.o(MyCode))

<P><STRONG><a name="[6]"></a>IndirectAddressing</STRONG> (Thumb, 0 bytes, Stack size unknown bytes, 5indirectaddressing.o(MyCode))

<P><STRONG><a name="[7]"></a>CopyRomRamWithLoop</STRONG> (Thumb, 0 bytes, Stack size unknown bytes, 6copyrom-ramwithloop.o(MyCode))

<P><STRONG><a name="[3]"></a>OperationsAddAndSub</STRONG> (Thumb, 0 bytes, Stack size unknown bytes, 7operationsaddandsub.o(MyCode7))
<BR>[Address Reference Count : 1]<UL><LI> main.o(MyCode)
</UL><P>
<H3>
Local Symbols
</H3>
<P><STRONG><a name="[4]"></a>Next</STRONG> (Thumb, 0 bytes, Stack size unknown bytes, 3forcedreservationltorg.o(MyCode))
<BR>[Address Reference Count : 1]<UL><LI> 3forcedreservationltorg.o(MyCode)
</UL><P>
<H3>
Undefined Global Symbols
</H3><HR></body></html>
