


ARM Macro Assembler    Page 1 


    1 00000000         ; Макробиблиотека команд битового сопроцессора для
    2 00000000         ; вычисления логических функций методом тестирования бит
    3 00000000         ;*********************************************************
    4 00000000         ; Тестирование бита в регистре ЦПУ по его номеру
    5 00000000                 MACRO
    6 00000000                 TST_Bit          $R,$N
    7 00000000                 TST              $R,#(1<<$N)
    8 00000000                 MEND
    9 00000000         ;*********************************************************
   10 00000000         ;*********************************************************
   11 00000000         ; Установка бита в регистре ЦПУ по его номеру
   12 00000000                 MACRO
   13 00000000                 SET_Bit          $R,$N
   14 00000000                 ORR              $R,#(1<<$N)
   15 00000000                 MEND
   16 00000000         ;********************************************************* 
   17 00000000         ;*********************************************************
   18 00000000         ; Сброс бита в регистре ЦПУ по его номеру
   19 00000000                 MACRO
   20 00000000                 CLR_Bit          $R,$N
   21 00000000                 BIC              $R,#(1<<$N)
   22 00000000                 MEND
   23 00000000         ;********************************************************* 
   24 00000000         ; Конец ассемблерного текста
   25 00000000                 END
Command Line: --debug --xref --width=132 --diag_suppress=9931 --cpu=Cortex-M4.fp.sp --depend=.\objects\macrotestbit.d -o.\objects\ma
crotestbit.o -IC:\Users\user1\AppData\Local\Arm\Packs\ARM\CMSIS\5.9.0\Device\ARM\ARMCM4\Include --predefine="__UVISION_VERSION SETA 
537" --predefine="ARMCM4_FP SETA 1" --list=.\listings\macrotestbit.lst src\AssemblerPractice\MacroTestBit.s
332 symbols in table
