


ARM Macro Assembler    Page 1 


    1 00000000         ; Объявление кодовой секции
    2 00000000                 AREA             MyCode, CODE, ReadOnly
    3 00000000         ; Основная программа
    4 00000000         ; Объявление основной программы общедоступной
    5 00000000                 EXPORT           Main
    6 00000000         ; Начало основной процедуры
    7 00000000         Main
    8 00000000         ; Импорт и переход к подпрограммам 
    9 00000000         ; по мере изучения Arm Assembler
   10 00000000         
   11 00000000         ; Изучение основ Assembler, первые операции
   12 00000000                 IMPORT           SimpleOperations
   13 00000000         ;  LDR r0, =SimpleOperations
   14 00000000         ;  BLX r0
   15 00000000         
   16 00000000         ; Загрузка 32-битных констант при помощи
   17 00000000         ; команды LDR, нюансы работы
   18 00000000                 IMPORT           _32bitConst
   19 00000000         ;  LDR r0, =_32bitConst
   20 00000000         ;  BLX r0
   21 00000000         
   22 00000000         ; Принудительное размещение литеральных пулов
   23 00000000         ; при помощи директивы LTORG
   24 00000000                 IMPORT           ForcedReservationLTORG
   25 00000000         ;  LDR r0, = ForcedReservationLTORG
   26 00000000         ;  BLX r0
   27 00000000         
   28 00000000         ; Загрузка данных из кодовой памяти
   29 00000000         ; по адресам размещения данных
   30 00000000         ; при помощи Define Code
   31 00000000                 IMPORT           ReservationDirective
   32 00000000         ;  LDR r0, =ReservationDirective
   33 00000000         ;  BLX r0
   34 00000000         
   35 00000000         ; Косвенная адресация операндов в памяти
   36 00000000                 IMPORT           IndirectAddressing
   37 00000000         ;  LDR r0, =IndirectAddressing
   38 00000000         ;  BLX r0
   39 00000000         
   40 00000000         ; Копирование данных из ПЗУ в ОЗУ
   41 00000000         ; При помощи цикла с пост-проверкой
   42 00000000                 IMPORT           CopyRomRamWithLoop
   43 00000000         ;  LDR r0, =CopyRomRamWithLoop
   44 00000000         ;  BLX r0
   45 00000000         
   46 00000000         ; Операции сложения и вычитания 
   47 00000000         ; в различных вариациях
   48 00000000         ; с сохранением результата в ОЗУ
   49 00000000                 IMPORT           OperationsAddAndSub
   50 00000000         ;  LDR r0, =OperationsAddAndSub
   51 00000000         ;  BLX r0
   52 00000000         
   53 00000000         ; Cложение и вычитание двойного слова
   54 00000000         ; в том числе с использованием макрокоманды
   55 00000000                 IMPORT           AddAndSubDWord
   56 00000000         ;  LDR r0, =AddAndSubDWord
   57 00000000         ;  BLX r0
   58 00000000         
   59 00000000         ; Множественная загрузка и выгрузка,



ARM Macro Assembler    Page 2 


   60 00000000         ; умножение и деление в том числе
   61 00000000         ; в 64-х битном формате
   62 00000000                 IMPORT           ArithmeticOpWithLDM_STM
   63 00000000         ;  LDR r0, =ArithmeticOpWithLDM_STM
   64 00000000         ;  BLX r0
   65 00000000         
   66 00000000         ; Побитовые операции в том числе
   67 00000000         ; с применением логических сдвигов
   68 00000000         ; Реализация логического контроллера по таблице 
   69 00000000         ; истинности
   70 00000000                 IMPORT           BitwiseOpAndShifts
   71 00000000 4801            LDR              r0, =BitwiseOpAndShifts
   72 00000002 4780            BLX              r0
   73 00000004         
   74 00000004         
   75 00000004         Stop
   76 00000004 E7FE            B                Stop
   77 00000006         
   78 00000006 00 00           ALIGN
   79 00000008         ; Конец ассемблерного текста
   80 00000008                 END
              00000000 
Command Line: --debug --xref --width=132 --diag_suppress=9931 --cpu=Cortex-M4.fp.sp --depend=.\objects\main.d -o.\objects\main.o -IC
:\Users\user1\AppData\Local\Arm\Packs\ARM\CMSIS\5.9.0\Device\ARM\ARMCM4\Include --predefine="__UVISION_VERSION SETA 537" --predefine
="ARMCM4_FP SETA 1" --list=.\listings\main.lst src\AssemblerPractice\Main.s



ARM Macro Assembler    Page 1 Alphabetic symbol ordering
Relocatable symbols

Main 00000000

Symbol: Main
   Definitions
      At line 7 in file src\AssemblerPractice\Main.s
   Uses
      At line 5 in file src\AssemblerPractice\Main.s
Comment: Main used once
MyCode 00000000

Symbol: MyCode
   Definitions
      At line 2 in file src\AssemblerPractice\Main.s
   Uses
      None
Comment: MyCode unused
Stop 00000004

Symbol: Stop
   Definitions
      At line 75 in file src\AssemblerPractice\Main.s
   Uses
      At line 76 in file src\AssemblerPractice\Main.s
Comment: Stop used once
3 symbols



ARM Macro Assembler    Page 1 Alphabetic symbol ordering
External symbols

AddAndSubDWord 00000000

Symbol: AddAndSubDWord
   Definitions
      At line 55 in file src\AssemblerPractice\Main.s
   Uses
      None
Comment: AddAndSubDWord unused
ArithmeticOpWithLDM_STM 00000000

Symbol: ArithmeticOpWithLDM_STM
   Definitions
      At line 62 in file src\AssemblerPractice\Main.s
   Uses
      None
Comment: ArithmeticOpWithLDM_STM unused
BitwiseOpAndShifts 00000000

Symbol: BitwiseOpAndShifts
   Definitions
      At line 70 in file src\AssemblerPractice\Main.s
   Uses
      At line 71 in file src\AssemblerPractice\Main.s
Comment: BitwiseOpAndShifts used once
CopyRomRamWithLoop 00000000

Symbol: CopyRomRamWithLoop
   Definitions
      At line 42 in file src\AssemblerPractice\Main.s
   Uses
      None
Comment: CopyRomRamWithLoop unused
ForcedReservationLTORG 00000000

Symbol: ForcedReservationLTORG
   Definitions
      At line 24 in file src\AssemblerPractice\Main.s
   Uses
      None
Comment: ForcedReservationLTORG unused
IndirectAddressing 00000000

Symbol: IndirectAddressing
   Definitions
      At line 36 in file src\AssemblerPractice\Main.s
   Uses
      None
Comment: IndirectAddressing unused
OperationsAddAndSub 00000000

Symbol: OperationsAddAndSub
   Definitions
      At line 49 in file src\AssemblerPractice\Main.s
   Uses
      None
Comment: OperationsAddAndSub unused
ReservationDirective 00000000

Symbol: ReservationDirective



ARM Macro Assembler    Page 2 Alphabetic symbol ordering
External symbols

   Definitions
      At line 31 in file src\AssemblerPractice\Main.s
   Uses
      None
Comment: ReservationDirective unused
SimpleOperations 00000000

Symbol: SimpleOperations
   Definitions
      At line 12 in file src\AssemblerPractice\Main.s
   Uses
      None
Comment: SimpleOperations unused
_32bitConst 00000000

Symbol: _32bitConst
   Definitions
      At line 18 in file src\AssemblerPractice\Main.s
   Uses
      None
Comment: _32bitConst unused
10 symbols
348 symbols in table
